=== START CLEAN DEPLOY ===
Step 0: Installing Dependencies...

added 85 packages, and audited 86 packages in 3s

22 packages are looking for funding
  run `npm fund` for details

found 0 vulnerabilities

Step 1: Deleting existing worker...

 ⛅️ wrangler 4.69.0
───────────────────
Successfully deleted aegir

Step 2: Deploying new version...

 ⛅️ wrangler 4.69.0
───────────────────

Cloudflare collects anonymous telemetry about your usage of Wrangler. Learn more at https://github.com/cloudflare/workers-sdk/tree/main/packages/wrangler/telemetry.md
Total Upload: 103.63 KiB / gzip: 27.34 KiB
Worker Startup Time: 5 ms
Uploaded aegir (1.67 sec)
Deployed aegir triggers (4.98 sec)
  https://aegir.katahiranaruse-daydream.workers.dev
Current Version ID: 934b2bd6-4907-4ed3-83c2-fbab51f36ab5
